// Jest Snapshot v1, https://goo.gl/fbAQLP

exports[`Alert has valid snapshot 1`] = `
<div
  className="alert"
>
  <p
    className="alert__title"
  >
    Please Enter your name!
  </p>
  <form>
    <input
      className="alert__input"
      placeholder="Name"
      type="text"
    />
    <button
      className="alert__button"
    >
      Add
    </button>
  </form>
</div>
`;

exports[`App has valid snapshot 1`] = `
<div
  className="app"
>
  <div
    className="alert"
  >
    <p
      className="alert__title"
    >
      Please Enter your name!
    </p>
    <form
      onSubmit={[Function]}
    >
      <input
        className="alert__input"
        onChange={[Function]}
        placeholder="Name"
        type="text"
      />
      <button
        className="alert__button"
      >
        Add
      </button>
    </form>
  </div>
  <header>
    <div
      className="brand"
    >
      Machen
    </div>
    <div
      className="username"
    >
      
    </div>
  </header>
  <main
    className="list"
    id="top"
  >
    <div
      className="filters"
    >
      <button
        className="filter__all"
        onClick={[Function]}
      >
        All
      </button>
      <button
        className="filtler__active"
        onClick={[Function]}
      >
        Active
      </button>
      <button
        className="filter__complete"
        onClick={[Function]}
      >
        Completed
      </button>
    </div>
    <ul
      className="todos__list"
    />
    <div
      className="plus"
    >
      <svg
        aria-hidden="true"
        className="svg-inline--fa fa-plus fa-w-14 "
        data-icon="plus"
        data-prefix="fas"
        focusable="false"
        onClick={[Function]}
        role="img"
        style={Object {}}
        viewBox="0 0 448 512"
        xmlns="http://www.w3.org/2000/svg"
      >
        <path
          d="M416 208H272V64c0-17.67-14.33-32-32-32h-32c-17.67 0-32 14.33-32 32v144H32c-17.67 0-32 14.33-32 32v32c0 17.67 14.33 32 32 32h144v144c0 17.67 14.33 32 32 32h32c17.67 0 32-14.33 32-32V304h144c17.67 0 32-14.33 32-32v-32c0-17.67-14.33-32-32-32z"
          fill="currentColor"
          style={Object {}}
        />
      </svg>
    </div>
    <div
      className="top"
    >
      <a
        href="#top"
        title="To Top"
      >
        <svg
          aria-hidden="true"
          className="svg-inline--fa fa-chevron-up fa-w-14 "
          data-icon="chevron-up"
          data-prefix="fas"
          focusable="false"
          role="img"
          style={Object {}}
          viewBox="0 0 448 512"
          xmlns="http://www.w3.org/2000/svg"
        >
          <path
            d="M240.971 130.524l194.343 194.343c9.373 9.373 9.373 24.569 0 33.941l-22.667 22.667c-9.357 9.357-24.522 9.375-33.901.04L224 227.495 69.255 381.516c-9.379 9.335-24.544 9.317-33.901-.04l-22.667-22.667c-9.373-9.373-9.373-24.569 0-33.941L207.03 130.525c9.372-9.373 24.568-9.373 33.941-.001z"
            fill="currentColor"
            style={Object {}}
          />
        </svg>
      </a>
    </div>
  </main>
</div>
`;

exports[`Todo has valid snapshot 1`] = `
<li
  className="list__item complete"
>
  <div
    className="list__layout"
  >
    <span
      className="checkbox"
    >
      <input
        id="complete"
        type="button"
        value=""
      />
    </span>
    <div
      className="list__text"
    >
      <h2
        className="list__item__title"
      >
        Stroy Telling
      </h2>
      <p
        className="list__item__desc"
      >
        Tell someone a story
      </p>
    </div>
    <div
      className="list__icons"
    >
      <svg
        aria-hidden="true"
        className="svg-inline--fa fa-pencil-alt fa-w-16 icon"
        data-icon="pencil-alt"
        data-prefix="fas"
        focusable="false"
        onClick={[Function]}
        role="img"
        style={Object {}}
        viewBox="0 0 512 512"
        xmlns="http://www.w3.org/2000/svg"
      >
        <path
          d="M497.9 142.1l-46.1 46.1c-4.7 4.7-12.3 4.7-17 0l-111-111c-4.7-4.7-4.7-12.3 0-17l46.1-46.1c18.7-18.7 49.1-18.7 67.9 0l60.1 60.1c18.8 18.7 18.8 49.1 0 67.9zM284.2 99.8L21.6 362.4.4 483.9c-2.9 16.4 11.4 30.6 27.8 27.8l121.5-21.3 262.6-262.6c4.7-4.7 4.7-12.3 0-17l-111-111c-4.8-4.7-12.4-4.7-17.1 0zM124.1 339.9c-5.5-5.5-5.5-14.3 0-19.8l154-154c5.5-5.5 14.3-5.5 19.8 0s5.5 14.3 0 19.8l-154 154c-5.5 5.5-14.3 5.5-19.8 0zM88 424h48v36.3l-64.5 11.3-31.1-31.1L51.7 376H88v48z"
          fill="currentColor"
          style={Object {}}
        />
      </svg>
       
      |
       
      <svg
        aria-hidden="true"
        className="svg-inline--fa fa-trash-alt fa-w-14 icon"
        data-icon="trash-alt"
        data-prefix="fas"
        disabled={true}
        focusable="false"
        onClick={[Function]}
        role="img"
        style={Object {}}
        viewBox="0 0 448 512"
        xmlns="http://www.w3.org/2000/svg"
      >
        <path
          d="M32 464a48 48 0 0 0 48 48h288a48 48 0 0 0 48-48V128H32zm272-256a16 16 0 0 1 32 0v224a16 16 0 0 1-32 0zm-96 0a16 16 0 0 1 32 0v224a16 16 0 0 1-32 0zm-96 0a16 16 0 0 1 32 0v224a16 16 0 0 1-32 0zM432 32H312l-9.4-18.7A24 24 0 0 0 281.1 0H166.8a23.72 23.72 0 0 0-21.4 13.3L136 32H16A16 16 0 0 0 0 48v32a16 16 0 0 0 16 16h416a16 16 0 0 0 16-16V48a16 16 0 0 0-16-16z"
          fill="currentColor"
          style={Object {}}
        />
      </svg>
    </div>
  </div>
  <p
    className="border__bottom"
  />
</li>
`;
